"window "300": tiles "693326" starts "2760144
"(""SSSR"")* closed "2493191" esc "266953" to "0" classes "41" maxP "7615" maxR "126.5"""  ["23"s]"
"(""SRSSSR"")* closed "2461918" esc "298226" to "0" classes "41" maxP "10250" maxR "124.9"""  ["26"s]"
"(""SRSRSSSR"")* closed "2468305" esc "291839" to "0" classes "58" maxP "16265" maxR "416.1"""  ["29"s]"
"(""SRSRSRSSSR"")* closed "2597458" esc "162686" to "0" classes "29" maxP "10260" maxR "124.10000000000001"""  ["26"s]"
"(""SRSRSRSRSSSR"")* closed "2500365" esc "259779" to "0" classes "48" maxP "13180" maxR "126.4"""  ["33"s]"
"(""SRSRSRSRSRSSSR"")* closed "2242907" esc "517237" to "0" classes "109" maxP "10029" maxR "433.8"""  ["42"s]"
"(""SSRSRSSR"")* closed "2399427" esc "360717" to "0" classes "58" maxP "9410" maxR "125.80000000000001"""  ["27"s]"
"(""SSRSRSRSSR"")* closed "2577748" esc "182396" to "0" classes "43" maxP "5565" maxR "124.10000000000001"""  ["44"s]"
"(""SSRSRSRSRSSR"")* closed "2735888" esc "24256" to "0" classes "12" maxP "40" maxR "4.3"""  ["19"s]"
"(""SSRSRSRSRSRSSR"")* closed "2435643" esc "324501" to "0" classes "56" maxP "9505" maxR "125.9"""  ["34"s]"
"(""SSRSRSRSRSRSRSSR"")* closed "2458090" esc "302054" to "0" classes "43" maxP "13395" maxR "126.4"""  ["28"s]"
"(""SRSSRSRSRSSR"")* closed "2602783" esc "157361" to "0" classes "29" maxP "6845" maxR "124.9"""  ["36"s]"
"(""SRSSRSRSRSRSSR"")* closed "2523647" esc "236497" to "0" classes "26" maxP "15820" maxR "124.9"""  ["29"s]"
"(""SRSSRSRSRSRSRSSR"")* closed "2131290" esc "628854" to "0" classes "66" maxP "12615" maxR "258.3"""  ["37"s]"
"(""SRSSRSRSRSRSRSRSSR"")* closed "2501414" esc "258730" to "0" classes "46" maxP "9090" maxR "124.9"""  ["35"s]"
"(""SRSRSSRSRSRSRSSR"")* closed "2618391" esc "141753" to "0" classes "34" maxP "8125" maxR "124.10000000000001"""  ["45"s]"
"(""SRSRSSRSRSRSRSRSSR"")* closed "2645416" esc "114728" to "0" classes "32" maxP "4255" maxR "122.80000000000001"""  ["35"s]"
"(""SRSRSSRSRSRSRSRSRSSR"")* closed "2538955" esc "221189" to "0" classes "37" maxP "8765" maxR "124.9"""  ["32"s]"
"(""SRSRSRSSRSRSRSRSRSSR"")* closed "2556188" esc "203956" to "0" classes "29" maxP "15820" maxR "124.9"""  ["36"s]"
"(""SRSRSRSSRSRSRSRSRSRSSR"")* closed "2605271" esc "154873" to "0" classes "31" maxP "8550" maxR "124.10000000000001"""  ["30"s]"
"(""SRSRSRSRSSRSRSRSRSRSRSSR"")* closed "2479650" esc "280494" to "0" classes "63" maxP "13852" maxR "391.20000000000005"""  ["35"s]"
"finished ""pairs"" "300
"[done ""survey_exact.wl"" "682.1"s]"
