"window "46": tiles "16396" starts "63608
"(""LS"")* closed "63447" esc "161" to "0" classes "7" maxP "7" maxR "1."  | ref closed 63447 OK ref classes 7""  ["1"s]"
"(""LSS"")* closed "58768" esc "4840" to "0" classes "7" maxP "100" maxR "4.3"  | ref closed 58768 OK ref classes 7""  ["0"s]"
"(""LSLS"")* closed "63447" esc "161" to "0" classes "7" maxP "7" maxR "1."  | ref closed 63447 OK ref classes 7""  ["1"s]"
"(""LSRS"")* closed "45831" esc "17777" to "0" classes "13" maxP "1265" maxR "29.8"  | ref closed 45831 OK ref classes 13""  ["1"s]"
"(""LSSS"")* closed "46571" esc "17037" to "0" classes "25" maxP "785" maxR "29.8"  | ref closed 46571 OK ref classes 25""  ["2"s]"
"(""LSLSS"")* closed "45176" esc "18432" to "0" classes "13" maxP "1280" maxR "32.6"  | ref closed 45176 OK ref classes 13""  ["2"s]"
"(""LSRSS"")* closed "740" esc "62868" to "0" classes "1" maxP "370" maxR "33.1"  | ref closed 740 OK ref classes 1""  ["0"s]"
"(""LSSSS"")* closed "27626" esc "35982" to "0" classes "21" maxP "1220" maxR "35.2"  | ref closed 27626 OK ref classes 21""  ["1"s]"
"(""LSLSLS"")* closed "63447" esc "161" to "0" classes "7" maxP "7" maxR "1."  | ref closed 63447 OK ref classes 7""  ["1"s]"
"(""LSLSRS"")* closed "51556" esc "12052" to "0" classes "25" maxP "505" maxR "36.2"  | ref closed 51556 OK ref classes 25""  ["1"s]"
"(""LSLSSS"")* closed "45890" esc "17718" to "0" classes "25" maxP "1270" maxR "29.8"  | ref closed 45890 OK ref classes 25""  ["1"s]"
"(""LSRSSS"")* closed "6776" esc "56832" to "0" classes "9" maxP "240" maxR "34."  | ref closed 6776 OK ref classes 9""  ["0"s]"
"(""LSSLSS"")* closed "58768" esc "4840" to "0" classes "7" maxP "50" maxR "4.3"  | ref closed 58768 OK ref classes 7""  ["1"s]"
"(""LSSRSS"")* closed "41603" esc "22005" to "0" classes "21" maxP "560" maxR "37.5"  | ref closed 41603 OK ref classes 21""  ["2"s]"
"(""LSSSSS"")* closed "47659" esc "15949" to "0" classes "31" maxP "1155" maxR "34.6"  | ref closed 47659 OK ref classes 32""  ["2"s]"
"(""LSLSLSS"")* closed "44593" esc "19015" to "0" classes "12" maxP "2890" maxR "29.200000000000003"  | ref closed 44593 OK ref classes 12""  ["1"s]"
"(""LSLSRSS"")* closed "30373" esc "33235" to "0" classes "8" maxP "970" maxR "33.9"  | ref closed 30373 OK ref classes 8""  ["1"s]"
"(""LSLSSRS"")* closed "31849" esc "31759" to "0" classes "9" maxP "1484" maxR "45."  | ref closed 31849 OK ref classes 9""  ["1"s]"
"(""LSLSSSS"")* closed "43009" esc "20599" to "0" classes "19" maxP "1460" maxR "33.800000000000004"  | ref closed 43009 OK ref classes 19""  ["1"s]"
"(""LSRSLSS"")* closed "33311" esc "30297" to "0" classes "16" maxP "1040" maxR "34.1"  | ref closed 33311 OK ref classes 16""  ["1"s]"
"(""LSRSSSS"")* closed "3591" esc "60017" to "0" classes "1" maxP "10" maxR "6.1000000000000005"  | ref closed 3591 OK ref classes 1""  ["0"s]"
"(""LSSLSSS"")* closed "36107" esc "27501" to "0" classes "14" maxP "2640" maxR "32.800000000000004"  | ref closed 36107 OK ref classes 14""  ["1"s]"
"(""LSSRSSS"")* closed "2739" esc "60869" to "0" classes "5" maxP "230" maxR "35.6"  | ref closed 2739 OK ref classes 5""  ["0"s]"
"(""LSSSSSS"")* closed "38870" esc "24738" to "0" classes "24" maxP "900" maxR "33.800000000000004"  | ref closed 38870 OK ref classes 24""  ["2"s]"
"(""LSLSLSLS"")* closed "63447" esc "161" to "0" classes "7" maxP "7" maxR "1."  | ref closed 63447 OK ref classes 7""  ["1"s]"
"(""LSLSLSRS"")* closed "49050" esc "14558" to "0" classes "25" maxP "975" maxR "29.8"  | ref closed 49050 OK ref classes 25""  ["1"s]"
"(""LSLSLSSS"")* closed "44515" esc "19093" to "0" classes "33" maxP "1975" maxR "37.300000000000004"  | ref closed 44515 OK ref classes 33""  ["1"s]"
"(""LSLSRSRS"")* closed "46635" esc "16973" to "0" classes "14" maxP "1365" maxR "29.8"  | ref closed 46635 OK ref classes 14""  ["1"s]"
"(""LSLSRSSS"")* closed "25634" esc "37974" to "0" classes "22" maxP "795" maxR "41.5"  | ref closed 25634 OK ref classes 22""  ["1"s]"
"(""LSLSSLSS"")* closed "42629" esc "20979" to "0" classes "33" maxP "1150" maxR "33.300000000000004"  | ref closed 42629 OK ref classes 33""  ["1"s]"
"(""LSLSSRSS"")* closed "44561" esc "19047" to "0" classes "34" maxP "1595" maxR "39."  | ref closed 44561 OK ref classes 34""  ["2"s]"
"(""LSLSSSRS"")* closed "25419" esc "38189" to "0" classes "21" maxP "268" maxR "29.200000000000003"  | ref closed 25419 OK ref classes 21""  ["1"s]"
"(""LSLSSSSS"")* closed "39294" esc "24314" to "0" classes "36" maxP "1055" maxR "37.800000000000004"  | ref closed 39294 OK ref classes 37""  ["2"s]"
"(""LSRSLSRS"")* closed "45831" esc "17777" to "0" classes "13" maxP "1265" maxR "29.8"  | ref closed 45831 OK ref classes 13""  ["1"s]"
"(""LSRSLSSS"")* closed "42714" esc "20894" to "0" classes "36" maxP "1550" maxR "40.7"  | ref closed 42714 OK ref classes 36""  ["2"s]"
"(""LSRSSLSS"")* closed "27910" esc "35698" to "0" classes "17" maxP "1265" maxR "32.1"  | ref closed 27910 OK ref classes 18""  ["1"s]"
"(""LSRSSRSS"")* closed "27959" esc "35649" to "0" classes "17" maxP "1265" maxR "32.1"  | ref closed 27959 OK ref classes 18""  ["1"s]"
"(""LSRSSSSS"")* closed "4207" esc "59401" to "0" classes "4" maxP "20" maxR "7.300000000000001"  | ref closed 4207 OK ref classes 4""  ["0"s]"
"(""LSSLSSSS"")* closed "47827" esc "15781" to "0" classes "13" maxP "309" maxR "18.8"  | ref closed 47827 OK ref classes 15""  ["2"s]"
"(""LSSRSSSS"")* closed "979" esc "62629" to "0" classes "2" maxP "20" maxR "10.9"  | ref closed 979 OK ref classes 2""  ["0"s]"
"(""LSSSLSSS"")* closed "46571" esc "17037" to "0" classes "25" maxP "785" maxR "29.8"  | ref closed 46571 OK ref classes 25""  ["1"s]"
"(""LSSSRSSS"")* closed "9602" esc "54006" to "0" classes "15" maxP "310" maxR "33.4"  | ref closed 9602 OK ref classes 15""  ["1"s]"
"(""LSSSSSSS"")* closed "29695" esc "33913" to "0" classes "51" maxP "1020" maxR "40.900000000000006"  | ref closed 29695 OK ref classes 54""  ["3"s]"
"finished ""all43"" "46
"[done ""survey_exact.wl"" "47.2"s]"
"window "160": tiles "197512" starts "783204
"(""LS"")* closed "782625" esc "579" to "0" classes "7" maxP "7" maxR "1."  | ref closed 782625 OK ref classes 7""  ["7"s]"
"(""LSS"")* closed "766066" esc "17138" to "0" classes "7" maxP "100" maxR "4.3"  | ref closed 766066 OK ref classes 7""  ["4"s]"
"(""LSLS"")* closed "782625" esc "579" to "0" classes "7" maxP "7" maxR "1."  | ref closed 782625 OK ref classes 7""  ["7"s]"
"(""LSRS"")* closed "650879" esc "132325" to "0" classes "18" maxP "1265" maxR "48.1"  | ref closed 650879 OK ref classes 20""  ["5"s]"
"(""LSSS"")* closed "666437" esc "116767" to "0" classes "33" maxP "2015" maxR "50.7"  | ref closed 666437 OK ref classes 35""  ["7"s]"
"(""LSLSS"")* closed "668251" esc "114953" to "0" classes "17" maxP "2910" maxR "51.1"  | ref closed 668251 OK ref classes 23""  ["5"s]"
"(""LSRSS"")* closed "5180" esc "778024" to "0" classes "1" maxP "370" maxR "33.1"  | ref closed 5180 OK ref classes 3""  ["1"s]"
"(""LSSSS"")* closed "511662" esc "271542" to "0" classes "38" maxP "5642" maxR "130.8"  | ref closed 511662 OK ref classes 52""  ["9"s]"
"(""LSLSLS"")* closed "782625" esc "579" to "0" classes "7" maxP "7" maxR "1."  | ref closed 782625 OK ref classes 7""  ["11"s]"
"(""LSLSRS"")* closed "721540" esc "61664" to "0" classes "38" maxP "1015" maxR "163."  | ref closed 721540 OK ref classes 41""  ["10"s]"
"(""LSLSSS"")* closed "654354" esc "128850" to "0" classes "33" maxP "2570" maxR "48.900000000000006"  | ref closed 654354 OK ref classes 37""  ["7"s]"
"(""LSRSSS"")* closed "116801" esc "666403" to "0" classes "16" maxP "1135" maxR "112.30000000000001"  | ref closed 116801 OK ref classes 22""  ["3"s]"
"(""LSSLSS"")* closed "766066" esc "17138" to "0" classes "7" maxP "50" maxR "4.3"  | ref closed 766066 OK ref classes 7""  ["4"s]"
"(""LSSRSS"")* closed "629437" esc "153767" to "0" classes "29" maxP "1390" maxR "56.300000000000004"  | ref closed 629437 OK ref classes 40""  ["9"s]"
"(""LSSSSS"")* closed "686287" esc "96917" to "0" classes "39" maxP "1745" maxR "47.900000000000006"  | ref closed 686287 OK ref classes 62""  ["11"s]"
"(""LSLSLSS"")* closed "643272" esc "139932" to "0" classes "16" maxP "6070" maxR "48.900000000000006"  | ref closed 643272 OK ref classes 18""  ["5"s]"
"(""LSLSRSS"")* closed "498216" esc "284988" to "0" classes "10" maxP "1998" maxR "49.300000000000004"  | ref closed 498216 OK ref classes 34""  ["5"s]"
"(""LSLSSRS"")* closed "498782" esc "284422" to "0" classes "10" maxP "1998" maxR "49.300000000000004"  | ref closed 498782 OK ref classes 33""  ["5"s]"
"(""LSLSSSS"")* closed "657030" esc "126174" to "0" classes "24" maxP "2460" maxR "55.7"  | ref closed 657030 OK ref classes 38""  ["7"s]"
"(""LSRSLSS"")* closed "538373" esc "244831" to "0" classes "29" maxP "4018" maxR "98."  | ref closed 538373 OK ref classes 51""  ["7"s]"
"(""LSRSSSS"")* closed "48624" esc "734580" to "0" classes "1" maxP "10" maxR "6.1000000000000005"  | ref closed 48624 OK ref classes 1""  ["2"s]"
"(""LSSLSSS"")* closed "587731" esc "195473" to "0" classes "18" maxP "5520" maxR "51.300000000000004"  | ref closed 587731 OK ref classes 20""  ["5"s]"
"(""LSSRSSS"")* closed "41360" esc "741844" to "0" classes "6" maxP "540" maxR "57.300000000000004"  | ref closed 41360 OK ref classes 10""  ["2"s]"
"(""LSSSSSS"")* closed "632786" esc "150418" to "0" classes "28" maxP "5840" maxR "59.6"  | ref closed 632786 OK ref classes 40""  ["8"s]"
"(""LSLSLSLS"")* closed "782625" esc "579" to "0" classes "7" maxP "7" maxR "1."  | ref closed 782625 OK ref classes 7""  ["8"s]"
"(""LSLSLSRS"")* closed "680799" esc "102405" to "0" classes "33" maxP "1905" maxR "48.1"  | ref closed 680799 OK ref classes 37""  ["8"s]"
"(""LSLSLSSS"")* closed "654091" esc "129113" to "0" classes "48" maxP "4105" maxR "158.9"  | ref closed 654091 OK ref classes 57""  ["7"s]"
"(""LSLSRSRS"")* closed "662797" esc "120407" to "0" classes "19" maxP "1365" maxR "47.900000000000006"  | ref closed 662797 OK ref classes 22""  ["7"s]"
"(""LSLSRSSS"")* closed "398811" esc "384393" to "0" classes "31" maxP "3785" maxR "81.4"  | ref closed 398811 OK ref classes 44""  ["8"s]"
"(""LSLSSLSS"")* closed "628931" esc "154273" to "0" classes "46" maxP "1525" maxR "49.800000000000004"  | ref closed 628931 OK ref classes 58""  ["7"s]"
"(""LSLSSRSS"")* closed "677332" esc "105872" to "0" classes "49" maxP "1776" maxR "158.9"  | ref closed 677332 OK ref classes 65""  ["8"s]"
"(""LSLSSSRS"")* closed "398834" esc "384370" to "0" classes "31" maxP "3785" maxR "81.4"  | ref closed 398834 OK ref classes 44""  ["7"s]"
"(""LSLSSSSS"")* closed "631125" esc "152079" to "0" classes "51" maxP "2910" maxR "56.5"  | ref closed 631125 OK ref classes 77""  ["11"s]"
"(""LSRSLSRS"")* closed "650879" esc "132325" to "0" classes "18" maxP "1265" maxR "48.1"  | ref closed 650879 OK ref classes 20""  ["6"s]"
"(""LSRSLSSS"")* closed "642889" esc "140315" to "0" classes "57" maxP "2170" maxR "160.4"  | ref closed 642889 OK ref classes 77""  ["9"s]"
"(""LSRSSLSS"")* closed "591017" esc "192187" to "0" classes "25" maxP "3830" maxR "61.400000000000006"  | ref closed 591017 OK ref classes 83""  ["9"s]"
"(""LSRSSRSS"")* closed "591149" esc "192055" to "0" classes "25" maxP "3830" maxR "61.400000000000006"  | ref closed 591149 OK ref classes 83""  ["9"s]"
"(""LSRSSSSS"")* closed "77745" esc "705459" to "0" classes "6" maxP "538" maxR "91.10000000000001"  | ref closed 77745 OK ref classes 14""  ["3"s]"
"(""LSSLSSSS"")* closed "724238" esc "58966" to "0" classes "13" maxP "309" maxR "18.8"  | ref closed 724238 OK ref classes 25""  ["7"s]"
"(""LSSRSSSS"")* closed "13940" esc "769264" to "0" classes "2" maxP "20" maxR "10.9"  | ref closed 13940 OK ref classes 2""  ["2"s]"
"(""LSSSLSSS"")* closed "666437" esc "116767" to "0" classes "33" maxP "2015" maxR "50.7"  | ref closed 666437 OK ref classes 35""  ["8"s]"
"(""LSSSRSSS"")* closed "238009" esc "545195" to "0" classes "47" maxP "1475" maxR "145.1"  | ref closed 238009 OK ref classes 67""  ["7"s]"
"(""LSSSSSSS"")* closed "553319" esc "229885" to "0" classes "78" maxP "1990" maxR "62.900000000000006"  | ref closed 553319 OK ref classes 142""  ["14"s]"
"finished ""all43"" "160
"[done ""survey_exact.wl"" "297.3"s]"
"window "300": tiles "693326" starts "2760144
"(""LS"")* closed "2759165" esc "979" to "0" classes "7" maxP "7" maxR "1."  | ref closed 2759165 OK ref classes 7""  ["24"s]"
"(""LSS"")* closed "2727293" esc "32851" to "0" classes "7" maxP "100" maxR "4.3"  | ref closed 2727293 OK ref classes 7""  ["11"s]"
"(""LSLS"")* closed "2759165" esc "979" to "0" classes "7" maxP "7" maxR "1."  | ref closed 2759165 OK ref classes 7""  ["23"s]"
"(""LSRS"")* closed "2460806" esc "299338" to "0" classes "22" maxP "10255" maxR "124.10000000000001"  | ref closed 2460806 OK ref classes 39""  ["19"s]"
"(""LSSS"")* closed "2493191" esc "266953" to "0" classes "41" maxP "7615" maxR "126.5"  | ref closed 2493191 OK ref classes 63""  ["21"s]"
"(""LSLSS"")* closed "2490022" esc "270122" to "0" classes "21" maxP "11400" maxR "120.80000000000001"  | ref closed 2490022 OK ref classes 76""  ["18"s]"
"(""LSRSS"")* closed "60560" esc "2699584" to "0" classes "4" maxP "6170" maxR "227.10000000000002"  | ref closed 60560 OK ref classes 14""  ["5"s]"
"(""LSSSS"")* closed "2130306" esc "629838" to "0" classes "50" maxP "26504" maxR "378.5"  | ref closed 2130306 OK ref classes 163""  ["28"s]"
"(""LSLSLS"")* closed "2759165" esc "979" to "0" classes "7" maxP "7" maxR "1."  | ref closed 2759165 OK ref classes 7""  ["42"s]"
"(""LSLSRS"")* closed "2632459" esc "127685" to "0" classes "46" maxP "4055" maxR "420.6"  | ref closed 2632459 OK ref classes 69""  ["33"s]"
"(""LSLSSS"")* closed "2461916" esc "298228" to "0" classes "41" maxP "10250" maxR "124.9"  | ref closed 2461916 OK ref classes 69""  ["26"s]"
"(""LSRSSS"")* closed "501905" esc "2258239" to "0" classes "22" maxP "2190" maxR "132.5"  | ref closed 501905 OK ref classes 58""  ["12"s]"
"(""LSSLSS"")* closed "2727293" esc "32851" to "0" classes "7" maxP "50" maxR "4.3"  | ref closed 2727293 OK ref classes 7""  ["16"s]"
"(""LSSRSS"")* closed "2388383" esc "371761" to "0" classes "37" maxP "5290" maxR "132."  | ref closed 2388383 OK ref classes 83""  ["29"s]"
"(""LSSSSS"")* closed "2537805" esc "222339" to "0" classes "45" maxP "7545" maxR "124."  | ref closed 2537805 OK ref classes 127""  ["37"s]"
"(""LSLSLSS"")* closed "2439696" esc "320448" to "0" classes "20" maxP "23990" maxR "124.9"  | ref closed 2439696 OK ref classes 36""  ["17"s]"
"(""LSLSRSS"")* closed "1892990" esc "867154" to "0" classes "12" maxP "27012" maxR "220."  | ref closed 1892990 OK ref classes 117""  ["19"s]"
"(""LSLSSRS"")* closed "1892985" esc "867159" to "0" classes "12" maxP "27012" maxR "220."  | ref closed 1892985 OK ref classes 116""  ["25"s]"
"(""LSLSSSS"")* closed "2486723" esc "273421" to "0" classes "28" maxP "10300" maxR "131.70000000000002"  | ref closed 2486723 OK ref classes 94""  ["22"s]"
"(""LSRSLSS"")* closed "2192936" esc "567208" to "0" classes "39" maxP "38290" maxR "196.3"  | ref closed 2192936 OK ref classes 124""  ["28"s]"
"(""LSRSSSS"")* closed "176960" esc "2583184" to "0" classes "1" maxP "10" maxR "6.1000000000000005"  | ref closed 176960 OK ref classes 1""  ["7"s]"
"(""LSSLSSS"")* closed "2295321" esc "464823" to "0" classes "22" maxP "21200" maxR "127.30000000000001"  | ref closed 2295321 OK ref classes 45""  ["16"s]"
"(""LSSRSSS"")* closed "275288" esc "2484856" to "0" classes "8" maxP "33010" maxR "233.8"  | ref closed 275288 OK ref classes 17""  ["11"s]"
"(""LSSSSSS"")* closed "2419392" esc "340752" to "0" classes "32" maxP "18400" maxR "135.5"  | ref closed 2419392 OK ref classes 82""  ["26"s]"
"(""LSLSLSLS"")* closed "2759165" esc "979" to "0" classes "7" maxP "7" maxR "1."  | ref closed 2759165 OK ref classes 7""  ["30"s]"
"(""LSLSLSRS"")* closed "2521472" esc "238672" to "0" classes "41" maxP "7665" maxR "124.10000000000001"  | ref closed 2521472 OK ref classes 73""  ["28"s]"
"(""LSLSLSSS"")* closed "2468300" esc "291844" to "0" classes "58" maxP "16265" maxR "416.1"  | ref closed 2468300 OK ref classes 97""  ["26"s]"
"(""LSLSRSRS"")* closed "2474730" esc "285414" to "0" classes "23" maxP "10875" maxR "124."  | ref closed 2474730 OK ref classes 42""  ["27"s]"
"(""LSLSRSSS"")* closed "1583828" esc "1176316" to "0" classes "41" maxP "25405" maxR "172.20000000000002"  | ref closed 1583828 OK ref classes 104""  ["33"s]"
"(""LSLSSLSS"")* closed "2399692" esc "360452" to "0" classes "58" maxP "9410" maxR "125.80000000000001"  | ref closed 2399692 OK ref classes 123""  ["35"s]"
"(""LSLSSRSS"")* closed "2536143" esc "224001" to "0" classes "59" maxP "5125" maxR "415.40000000000003"  | ref closed 2536143 OK ref classes 137""  ["30"s]"
"(""LSLSSSRS"")* closed "1584494" esc "1175650" to "0" classes "41" maxP "25405" maxR "172.20000000000002"  | ref closed 1584494 OK ref classes 104""  ["31"s]"
"(""LSLSSSSS"")* closed "2420630" esc "339514" to "0" classes "63" maxP "9310" maxR "132.5"  | ref closed 2420630 OK ref classes 194""  ["36"s]"
"(""LSRSLSRS"")* closed "2460806" esc "299338" to "0" classes "22" maxP "10255" maxR "124.10000000000001"  | ref closed 2460806 OK ref classes 39""  ["22"s]"
"(""LSRSLSSS"")* closed "2445705" esc "314439" to "0" classes "70" maxP "8890" maxR "408.90000000000003"  | ref closed 2445705 OK ref classes 184""  ["27"s]"
"(""LSRSSLSS"")* closed "2372086" esc "388058" to "0" classes "29" maxP "9535" maxR "122.2"  | ref closed 2372086 OK ref classes 345""  ["24"s]"
"(""LSRSSRSS"")* closed "2372439" esc "387705" to "0" classes "29" maxP "9535" maxR "122.2"  | ref closed 2372439 OK ref classes 345""  ["25"s]"
"(""LSRSSSSS"")* closed "334888" esc "2425256" to "0" classes "8" maxP "13740" maxR "227.9"  | ref closed 334888 OK ref classes 43""  ["11"s]"
"(""LSSLSSSS"")* closed "2648575" esc "111569" to "0" classes "13" maxP "309" maxR "18.8"  | ref closed 2648575 OK ref classes 38""  ["25"s]"
"(""LSSRSSSS"")* closed "66970" esc "2693174" to "0" classes "4" maxP "2965" maxR "215.8"  | ref closed 66970 OK ref classes 7""  ["8"s]"
"(""LSSSLSSS"")* closed "2493191" esc "266953" to "0" classes "41" maxP "7615" maxR "126.5"  | ref closed 2493191 OK ref classes 63""  ["27"s]"
"(""LSSSRSSS"")* closed "1194961" esc "1565183" to "0" classes "86" maxP "6195" maxR "353.6"  | ref closed 1194961 OK ref classes 265""  ["37"s]"
"(""LSSSSSSS"")* closed "2230632" esc "529512" to "0" classes "100" maxP "8010" maxR "138.9"  | ref closed 2230632 OK ref classes 412""  ["42"s]"
"finished ""all43"" "300
"[done ""survey_exact.wl"" "1046.6000000000001"s]"
"window "300": tiles "693326" starts "2760144
"(""SSR"")* closed "2727293" esc "32851" to "0" classes "7" maxP "100" maxR "4.3"""  ["10"s]"
"(""SRSSR"")* closed "2490017" esc "270127" to "0" classes "21" maxP "11400" maxR "120.80000000000001"""  ["21"s]"
