triangle atlas from sigma^8(sun): 15970 triangles, 30 marked coronas (rot36 classes), 89s
closure check: 0 coronas outside atlas -> CLOSED
corona sizes (triangles): [11, 11, 13, 13, 13, 13, 15, 15, 15, 15, 15, 15, 15, 15, 17, 17, 17, 17, 17, 17, 17, 17, 17, 17, 19, 19, 19, 19, 19, 19]
margin delta0 = 0.5878; at level n=9: phi^n*delta0 = 44.68
  corona   0 (15 tris): patch   42801 rhombs, starts    8540, closed    8540, escape     0, timeout    0  [0s]
  corona   1 (19 tris): patch   57572 rhombs, starts   13776, closed   13776, escape     0, timeout    0  [1s]
  corona   2 (17 tris): patch   50828 rhombs, starts   13776, closed   13776, escape     0, timeout    0  [1s]
  corona   3 (15 tris): patch   46660 rhombs, starts   13776, closed   13776, escape     0, timeout    0  [1s]
  corona   4 (11 tris): patch   30614 rhombs, starts    8540, closed    8540, escape     0, timeout    0  [2s]
  corona   5 (19 tris): patch   55001 rhombs, starts   13776, closed   13776, escape     0, timeout    0  [2s]
  corona   6 (13 tris): patch   39929 rhombs, starts    8540, closed    8540, escape     0, timeout    0  [2s]
  corona   7 (17 tris): patch   50828 rhombs, starts   13776, closed   13776, escape     0, timeout    0  [3s]
  corona   8 (13 tris): patch   37345 rhombs, starts   13776, closed   13776, escape     0, timeout    0  [3s]
  corona   9 (11 tris): patch   30614 rhombs, starts    8540, closed    8540, escape     0, timeout    0  [3s]
  corona  10 (15 tris): patch   42801 rhombs, starts    8540, closed    8540, escape     0, timeout    0  [3s]
  corona  11 (17 tris): patch   48257 rhombs, starts   13776, closed   13776, escape     0, timeout    0  [4s]
  corona  12 (19 tris): patch   57572 rhombs, starts   13776, closed   13776, escape     0, timeout    0  [4s]
  corona  13 (15 tris): patch   45372 rhombs, starts    8540, closed    8540, escape     0, timeout    0  [4s]
  corona  14 (17 tris): patch   50828 rhombs, starts   13776, closed   13776, escape     0, timeout    0  [5s]
  corona  15 (19 tris): patch   55001 rhombs, starts   13776, closed   13776, escape     0, timeout    0  [5s]
  corona  16 (15 tris): patch   46660 rhombs, starts   13776, closed   13776, escape     0, timeout    0  [6s]
  corona  17 (13 tris): patch   39929 rhombs, starts    8540, closed    8540, escape     0, timeout    0  [6s]
  corona  18 (17 tris): patch   48257 rhombs, starts   13776, closed   13776, escape     0, timeout    0  [6s]
  corona  19 (13 tris): patch   37345 rhombs, starts   13776, closed   13776, escape     0, timeout    0  [6s]
  corona  20 (15 tris): patch   42801 rhombs, starts    8540, closed    8540, escape     0, timeout    0  [7s]
  corona  21 (17 tris): patch   48257 rhombs, starts   13776, closed   13776, escape     0, timeout    0  [7s]
  corona  22 (15 tris): patch   42801 rhombs, starts    8540, closed    8540, escape     0, timeout    0  [7s]
  corona  23 (19 tris): patch   57572 rhombs, starts   13776, closed   13776, escape     0, timeout    0  [8s]
  corona  24 (17 tris): patch   48257 rhombs, starts   13776, closed   13776, escape     0, timeout    0  [8s]
  corona  25 (19 tris): patch   57572 rhombs, starts   13776, closed   13776, escape     0, timeout    0  [9s]
  corona  26 (15 tris): patch   45372 rhombs, starts    8540, closed    8540, escape     0, timeout    0  [9s]
  corona  27 (17 tris): patch   50828 rhombs, starts   13776, closed   13776, escape     0, timeout    0  [9s]
  corona  28 (17 tris): patch   48257 rhombs, starts   13776, closed   13776, escape     0, timeout    0  [9s]
  corona  29 (17 tris): patch   48257 rhombs, starts   13776, closed   13776, escape     0, timeout    0  [10s]
program (SSRSSSSR)*, n=9: total starts 360920, escapes 0, timeouts 0 -> ALL CLOSED: theorem verified
period spectrum: {4: 40550, 5: 13640, 8: 19305, 42: 38465, 45: 18350, 64: 22230, 65: 3815, 75: 4430, 111: 38530, 125: 19720, 225: 47585, 253: 53490, 309: 40810}
CERTIFICATE: VALID (atlas closed, all starts closed)
