LS         esc=    979/ 2760144 to=    0 classes=   7 maxP=      7 maxR=    1.0  [(3, 3, 100860), (3, 3, 264309), (4, 4, 62341), (5, 5, 163104), (5, 5, 38562), (6, 6, 23752), (7, 7, 38504)]
LSS        esc=  32851/ 2760144 to=    0 classes=   7 maxP=    100 maxR=    4.3  [(10, 10, 27689), (12, 14, 23649), (28, 24, 14595), (30, 35, 3978), (50, 30, 10588), (80, 51, 8909), (100, 70, 3968)]
LSLS       esc=    979/ 2760144 to=    0 classes=   7 maxP=      7 maxR=    1.0  [(2, 4, 124682), (3, 3, 100860), (3, 3, 264309), (3, 6, 47504), (5, 5, 163104), (5, 5, 38562), (7, 7, 38504)]
LSRS       esc= 299338/ 2760144 to=    0 classes=  39 maxP=  10255 maxR=  124.1  [(5, 10, 55378), (20, 30, 7956), (25, 30, 21176), (35, 70, 3034), (45, 70, 7936), (55, 110, 1158), (65, 85, 3034), (85, 170, 436)]...
LSSS       esc= 266953/ 2760144 to=    0 classes=  63 maxP=   7615 maxR=  126.5  [(5, 10, 27689), (5, 15, 4001), (5, 15, 10588), (10, 30, 1537), (20, 50, 3968), (21, 47, 6), (21, 47, 23325), (24, 56, 6843)]...
LSLSS      esc= 270122/ 2760144 to=    0 classes=  76 maxP=  11400 maxR=  120.8  [(10, 17, 23710), (10, 20, 4001), (20, 50, 8404), (20, 50, 485), (20, 50, 20), (26, 32, 8978), (42, 44, 21), (42, 44, 14510)]...
LSRSS      esc=2699584/ 2760144 to=    0 classes=  14 maxP=   6170 maxR=  227.1  [(370, 1030, 8), (370, 1030, 2), (370, 1030, 2), (370, 1030, 18), (370, 1030, 10), (370, 1030, 6), (370, 1030, 2), (370, 1030, 2)]...
LSSSS      esc= 629838/ 2760144 to=    0 classes= 163 maxP=  26504 maxR=  378.5  [(4, 16, 23649), (10, 30, 1537), (16, 45, 5559), (20, 65, 3034), (20, 65, 3968), (24, 70, 10979), (40, 90, 1517), (70, 162, 2027)]...
LSLSLS     esc=    979/ 2760144 to=    0 classes=   7 maxP=      7 maxR=    1.0  [(1, 3, 301813), (1, 3, 791113), (2, 6, 71256), (4, 4, 62341), (5, 5, 163104), (5, 5, 38562), (7, 7, 38504)]
LSLSRS     esc= 127685/ 2760144 to=    0 classes=  69 maxP=   4055 maxR=  420.6  [(2, 5, 201538), (2, 5, 201330), (5, 15, 4001), (5, 15, 23710), (10, 15, 10588), (13, 31, 8978), (20, 40, 1537), (20, 44, 87)]...
LSLSSS     esc= 298228/ 2760144 to=    0 classes=  69 maxP=  10250 maxR=  124.9  [(2, 8, 100781), (3, 9, 76795), (5, 15, 10588), (10, 20, 10588), (10, 35, 1537), (15, 30, 10588), (20, 25, 4001), (30, 70, 1517)]...
LSRSSS     esc=2258239/ 2760144 to=    0 classes=  58 maxP=   2190 maxR=  132.5  [(5, 20, 21176), (5, 20, 7980), (10, 40, 3034), (15, 60, 1158), (15, 60, 2982), (30, 95, 1158), (60, 230, 422), (95, 380, 150)]...
LSSLSS     esc=  32851/ 2760144 to=    0 classes=   7 maxP=     50 maxR=    4.3  [(5, 10, 55378), (6, 14, 47298), (14, 24, 29190), (15, 35, 7956), (25, 30, 21176), (40, 51, 17818), (50, 70, 7936)]
LSSRSS     esc= 371761/ 2760144 to=    0 classes=  83 maxP=   5290 maxR=  132.0  [(10, 30, 3074), (10, 40, 3034), (11, 44, 2862), (11, 44, 612), (11, 44, 7484), (12, 48, 6824), (14, 56, 10946), (19, 58, 17778)]...
LSSSSS     esc= 222339/ 2760144 to=    0 classes= 127 maxP=   7545 maxR=  124.0  [(5, 25, 14556), (5, 25, 23535), (5, 25, 23407), (5, 25, 14497), (5, 25, 3968), (5, 25, 8913), (9, 30, 38004), (10, 30, 10588)]...
LSLSLSS    esc= 320448/ 2760144 to=    0 classes=  36 maxP=  23990 maxR=  124.9  [(2, 8, 52940), (6, 12, 61480), (6, 12, 677), (20, 45, 3968), (50, 75, 1517), (90, 65, 1537), (90, 165, 569), (190, 100, 3968)]...
LSLSRSS    esc= 867154/ 2760144 to=    0 classes= 117 maxP=  27012 maxR=  220.0  [(2, 6, 23696), (2, 6, 62256), (10, 20, 14589), (28, 38, 14577), (40, 55, 3968), (40, 70, 3968), (420, 470, 3), (420, 470, 1)]...
LSLSSRS    esc= 867159/ 2760144 to=    0 classes= 116 maxP=  27012 maxR=  220.0  [(2, 6, 23698), (2, 6, 62255), (10, 20, 14590), (28, 38, 14575), (40, 55, 3968), (40, 70, 3968), (420, 470, 1), (420, 470, 2)]...
LSLSSSS    esc= 273421/ 2760144 to=    0 classes=  94 maxP=  10300 maxR=  131.7  [(6, 25, 9038), (20, 55, 1537), (24, 78, 42), (24, 78, 3386), (30, 75, 1537), (42, 101, 5504), (54, 127, 28), (54, 127, 33)]...
LSRSLSS    esc= 567208/ 2760144 to=    0 classes= 124 maxP=  38290 maxR=  196.3  [(10, 30, 10588), (18, 39, 5502), (20, 36, 23539), (20, 55, 3968), (40, 70, 1517), (60, 130, 1473), (100, 205, 569), (210, 280, 569)]...
LSRSSSS    esc=2583184/ 2760144 to=    0 classes=   1 maxP=     10 maxR=    6.1  [(10, 50, 17696)]
LSSLSSS    esc= 464823/ 2760144 to=    0 classes=  45 maxP=  21200 maxR=  127.3  [(6, 23, 14636), (10, 20, 10588), (12, 24, 23644), (20, 25, 4001), (36, 104, 52), (36, 104, 2046), (36, 104, 6), (38, 107, 1285)]...
LSSRSSS    esc=2484856/ 2760144 to=    0 classes=  17 maxP=  33010 maxR=  233.8  [(10, 35, 3074), (10, 50, 3034), (10, 50, 3034), (20, 100, 1108), (230, 1085, 6), (230, 1085, 8), (230, 1085, 42), (540, 2190, 2)]...
LSSSSSS    esc= 340752/ 2760144 to=    0 classes=  82 maxP=  18400 maxR=  135.5  [(4, 24, 3586), (4, 24, 14166), (4, 24, 17992), (4, 24, 14359), (4, 24, 5545), (4, 24, 11112), (4, 24, 3453), (4, 24, 14547)]...
LSLSLSLS   esc=    979/ 2760144 to=    0 classes=   7 maxP=      7 maxR=    1.0  [(1, 4, 248867), (3, 3, 100860), (3, 3, 264309), (3, 6, 47504), (5, 5, 163104), (5, 5, 38562), (7, 7, 38504)]
LSLSLSRS   esc= 238672/ 2760144 to=    0 classes=  73 maxP=   7665 maxR=  124.1  [(3, 12, 61480), (3, 12, 677), (5, 10, 27689), (5, 20, 10588), (8, 23, 76212), (15, 25, 4001), (15, 35, 3978), (20, 55, 3968)]...
LSLSLSSS   esc= 291844/ 2760144 to=    0 classes=  97 maxP=  16265 maxR=  416.1  [(3, 12, 61480), (3, 12, 677), (5, 20, 10588), (10, 25, 4001), (10, 45, 3968), (14, 45, 5536), (17, 53, 3431), (20, 55, 1517)]...
LSLSRSRS   esc= 285414/ 2760144 to=    0 classes=  42 maxP=  10875 maxR=  124.0  [(3, 9, 153590), (5, 15, 21176), (10, 35, 3074), (15, 30, 7956), (15, 30, 21176), (45, 55, 7936), (55, 110, 1158), (75, 180, 436)]...
LSLSRSSS   esc=1176316/ 2760144 to=    0 classes= 104 maxP=  25405 maxR=  172.2  [(2, 7, 76741), (2, 7, 100477), (2, 7, 38372), (2, 7, 38264), (2, 7, 38383), (6, 21, 14547), (10, 25, 3989), (10, 35, 1537)]...
LSLSSLSS   esc= 360452/ 2760144 to=    0 classes= 123 maxP=   9410 maxR=  125.8  [(1, 5, 124352), (5, 10, 27689), (15, 25, 8002), (20, 50, 3968), (20, 80, 579), (25, 30, 10588), (35, 65, 1537), (35, 75, 1517)]...
LSLSSRSS   esc= 224001/ 2760144 to=    0 classes= 137 maxP=   5125 maxR=  415.4  [(3, 9, 76795), (5, 15, 10588), (5, 20, 4001), (5, 25, 1537), (5, 25, 1537), (8, 37, 3431), (10, 50, 1517), (10, 50, 1517)]...
LSLSSSRS   esc=1175650/ 2760144 to=    0 classes= 104 maxP=  25405 maxR=  172.2  [(2, 7, 76741), (2, 7, 100477), (2, 7, 38371), (2, 7, 38264), (2, 7, 38383), (6, 21, 14549), (10, 25, 3990), (10, 35, 1537)]...
LSLSSSSS   esc= 339514/ 2760144 to=    0 classes= 194 maxP=   9310 maxR=  132.5  [(5, 20, 4001), (5, 29, 17753), (5, 29, 214), (9, 41, 19850), (9, 41, 8927), (10, 48, 8913), (15, 46, 3431), (15, 80, 579)]...
LSRSLSRS   esc= 299338/ 2760144 to=    0 classes=  39 maxP=  10255 maxR=  124.1  [(5, 10, 55378), (10, 30, 15912), (25, 30, 21176), (35, 70, 3034), (45, 70, 7936), (55, 110, 1158), (55, 215, 1744), (65, 85, 3034)]...
LSRSLSSS   esc= 314439/ 2760144 to=    0 classes= 184 maxP=   8890 maxR=  408.9  [(5, 10, 27689), (10, 35, 3978), (15, 60, 3968), (15, 60, 1517), (21, 68, 3431), (25, 30, 10588), (26, 95, 1285), (35, 170, 218)]...
LSRSSLSS   esc= 388058/ 2760144 to=    0 classes= 345 maxP=   9535 maxR=  122.2  [(2, 10, 38383), (5, 25, 10588), (7, 30, 37886), (10, 25, 10588), (75, 160, 579), (85, 155, 579), (140, 205, 1487), (162, 368, 419)]...
LSRSSRSS   esc= 387705/ 2760144 to=    0 classes= 345 maxP=   9535 maxR=  122.2  [(2, 10, 38383), (5, 25, 10588), (7, 30, 37886), (10, 25, 10588), (75, 160, 579), (85, 155, 579), (140, 205, 1487), (162, 368, 419)]...
LSRSSSSS   esc=2425256/ 2760144 to=    0 classes=  43 maxP=  13740 maxR=  227.9  [(5, 30, 7936), (8, 48, 10858), (10, 60, 2982), (20, 70, 3034), (525, 2700, 56), (538, 2816, 2), (538, 2816, 2), (538, 2816, 2)]...
LSSLSSSS   esc= 111569/ 2760144 to=    0 classes=  38 maxP=    309 maxR=   18.8  [(4, 21, 76439), (5, 25, 21176), (8, 36, 17987), (42, 88, 6826), (45, 105, 3034), (64, 144, 54), (64, 144, 2516), (65, 265, 436)]...
LSSRSSSS   esc=2693174/ 2760144 to=    0 classes=   7 maxP=   2965 maxR=  215.8  [(10, 60, 3034), (20, 120, 1108), (435, 2430, 2), (435, 2430, 2), (435, 2430, 2), (2965, 15678, 2), (2965, 15678, 2)]
LSSSLSSS   esc= 266953/ 2760144 to=    0 classes=  63 maxP=   7615 maxR=  126.5  [(5, 10, 27689), (5, 15, 4001), (5, 15, 10588), (5, 30, 3074), (10, 50, 7936), (12, 56, 13686), (15, 35, 7956), (20, 70, 7936)]...
LSSSRSSS   esc=1565183/ 2760144 to=    0 classes= 265 maxP=   6195 maxR=  353.6  [(5, 30, 3074), (10, 60, 3034), (10, 60, 2982), (20, 80, 7936), (26, 153, 180), (26, 153, 32), (26, 153, 736), (30, 170, 422)]...
LSSSSSSS   esc= 529512/ 2760144 to=    0 classes= 412 maxP=   8010 maxR=  138.9  [(5, 30, 1537), (5, 35, 5522), (5, 35, 1517), (5, 35, 3431), (5, 35, 1537), (5, 35, 5536), (15, 85, 359), (15, 85, 1473)]...
