(1, 2)           SRSSR                          closed= 90.2% to=    0 classes=  76 maxP=  11400 maxR=  120.8
(1, 3)           SRSSSR                         closed= 89.2% to=    0 classes=  69 maxP=  10250 maxR=  124.9
(1, 4)           SRSSSSR                        closed= 90.1% to=    0 classes=  94 maxP=  10300 maxR=  131.7
(1, 5)           SRSSSSSR                       closed= 87.7% to=    0 classes= 194 maxP=   9310 maxR=  132.5
(1, 6)           SRSSSSSSR                      closed= 55.1% to=    0 classes= 318 maxP=  21384 maxR=  354.2
(1, 7)           SRSSSSSSSR                     closed= 76.1% to=    0 classes= 234 maxP=  26110 maxR=  188.8
(1, 8)           SRSSSSSSSSR                    closed= 60.3% to=    0 classes= 526 maxP=  19756 maxR=  342.5
(1, 9)           SRSSSSSSSSSR                   closed= 63.3% to=    0 classes= 717 maxP=  12239 maxR=  444.4
(1, 10)          SRSSSSSSSSSSR                  closed= 34.9% to=    0 classes= 786 maxP=  10450 maxR=  373.7
(2, 3)           SSRSSSR                        closed= 83.2% to=    0 classes=  45 maxP=  21200 maxR=  127.3
(2, 4)           SSRSSSSR                       closed= 96.0% to=    0 classes=  38 maxP=    309 maxR=   18.8
(2, 5)           SSRSSSSSR                      closed= 75.5% to=    0 classes= 268 maxP=  17400 maxR=  262.6
(2, 6)           SSRSSSSSSR                     closed= 14.8% to=    0 classes=  42 maxP=    692 maxR=   50.1
(2, 7)           SSRSSSSSSSR                    closed= 82.8% to=    0 classes= 251 maxP=  16660 maxR=  143.4
(2, 8)           SSRSSSSSSSSR                   closed= 83.0% to=    0 classes= 328 maxP=   7055 maxR=   58.1
(2, 9)           SSRSSSSSSSSSR                  closed= 54.2% to=    0 classes= 466 maxP=  12210 maxR=  247.7
(2, 10)          SSRSSSSSSSSSSR                 closed=  9.6% to=    0 classes= 120 maxP=   2855 maxR=  230.6
(3, 4)           SSSRSSSSR                      closed= 75.8% to=    0 classes= 271 maxP=  12670 maxR=  193.1
(3, 5)           SSSRSSSSSR                     closed= 78.9% to=    0 classes= 384 maxP=  20353 maxR=  353.5
(3, 6)           SSSRSSSSSSR                    closed= 55.6% to=    0 classes= 329 maxP=  23706 maxR=  368.4
(3, 7)           SSSRSSSSSSSR                   closed= 68.3% to=    0 classes= 427 maxP=  11035 maxR=  374.0
(3, 8)           SSSRSSSSSSSSR                  closed= 63.9% to=    0 classes= 643 maxP=  16550 maxR=  201.5
(3, 9)           SSSRSSSSSSSSSR                 closed= 62.7% to=    0 classes= 650 maxP=   8655 maxR=  235.7
(3, 10)          SSSRSSSSSSSSSSR                closed= 40.5% to=    0 classes= 605 maxP=   9080 maxR=  415.4
(4, 5)           SSSSRSSSSSR                    closed= 71.9% to=    0 classes= 249 maxP=  14700 maxR=  146.5
(4, 6)           SSSSRSSSSSSR                   closed= 19.1% to=    0 classes=  37 maxP=  20465 maxR=  208.8
(4, 7)           SSSSRSSSSSSSR                  closed= 76.7% to=    0 classes= 360 maxP=  21100 maxR=  155.4
(4, 8)           SSSSRSSSSSSSSR                 closed= 31.8% to=    0 classes=  80 maxP=   3355 maxR=  138.3
(4, 9)           SSSSRSSSSSSSSSR                closed= 58.3% to=    0 classes= 519 maxP=  26308 maxR=  394.2
(4, 10)          SSSSRSSSSSSSSSSR               closed= 17.5% to=    0 classes=  83 maxP=   1285 maxR=  136.6
(5, 6)           SSSSSRSSSSSSR                  closed= 58.9% to=    0 classes= 294 maxP=  20304 maxR=  371.8
(5, 7)           SSSSSRSSSSSSSR                 closed= 69.2% to=    0 classes= 502 maxP=  10175 maxR=  392.3
(5, 8)           SSSSSRSSSSSSSSR                closed= 67.8% to=    0 classes= 552 maxP=  27730 maxR=  228.6
(5, 9)           SSSSSRSSSSSSSSSR               closed= 62.2% to=    0 classes= 536 maxP=  12945 maxR=  437.5
(5, 10)          SSSSSRSSSSSSSSSSR              closed= 41.1% to=    0 classes= 623 maxP=  13760 maxR=  413.0
(6, 7)           SSSSSSRSSSSSSSR                closed= 63.6% to=    0 classes= 569 maxP=  17430 maxR=  436.6
(6, 8)           SSSSSSRSSSSSSSSR               closed= 10.3% to=    0 classes=  87 maxP=   2120 maxR=  130.0
(6, 9)           SSSSSSRSSSSSSSSSR              closed= 68.1% to=    0 classes= 489 maxP=  15356 maxR=  228.2
(6, 10)          SSSSSSRSSSSSSSSSSR             closed= 30.6% to=    0 classes=  55 maxP=   5435 maxR=  146.7
(7, 8)           SSSSSSSRSSSSSSSSR              closed= 64.4% to=    0 classes= 665 maxP=  14950 maxR=  183.3
(7, 9)           SSSSSSSRSSSSSSSSSR             closed= 51.9% to=    0 classes= 841 maxP=  12820 maxR=  379.9
(7, 10)          SSSSSSSRSSSSSSSSSSR            closed= 42.2% to=    0 classes= 786 maxP=  12060 maxR=  354.5
(8, 9)           SSSSSSSSRSSSSSSSSSR            closed= 61.4% to=    0 classes= 985 maxP=   9610 maxR=  210.3
(8, 10)          SSSSSSSSRSSSSSSSSSSR           closed=  6.2% to=    0 classes=  89 maxP=   1080 maxR=  120.4
(9, 10)          SSSSSSSSSRSSSSSSSSSSR          closed= 29.5% to=    0 classes= 559 maxP=   8780 maxR=  425.4
(1, 1, 1, 2)     SRSRSRSSR                      closed= 99.4% to=    0 classes=   7 maxP=     50 maxR=    2.5
(1, 1, 1, 3)     SRSRSRSSSR                     closed= 94.1% to=    0 classes=  50 maxP=  10260 maxR=  124.1
(1, 1, 2, 2)     SRSRSSRSSR                     closed= 93.4% to=    0 classes=  73 maxP=   5565 maxR=  124.1
(1, 1, 2, 3)     SRSRSSRSSSR                    closed= 29.1% to=615765 classes=  22 maxP=   6790 maxR=  122.2
(1, 1, 3, 2)     SRSRSSSRSSR                    closed= 29.1% to=636608 classes=  22 maxP=   6790 maxR=  122.2
(1, 1, 3, 3)     SRSRSSSRSSSR                   closed= 90.6% to=    0 classes= 128 maxP=   3855 maxR=  125.8
(1, 2, 1, 3)     SRSSRSRSSSR                    closed= 84.5% to=    0 classes= 104 maxP=  18730 maxR=  132.6
(1, 2, 2, 2)     SRSSRSSRSSR                    closed= 67.1% to=    0 classes= 181 maxP=  28360 maxR=  366.9
(1, 2, 2, 3)     SRSSRSSRSSSR                   closed= 81.4% to=    0 classes= 170 maxP=  21040 maxR=  134.0
(1, 2, 3, 2)     SRSSRSSSRSSR                   closed= 90.6% to=    0 classes= 114 maxP=   6215 maxR=  126.7
(1, 2, 3, 3)     SRSSRSSSRSSSR                  closed= 10.0% to=    0 classes=  12 maxP=   1220 maxR=   66.9
(1, 3, 2, 2)     SRSSSRSSRSSR                   closed= 81.3% to=    0 classes= 166 maxP=  21040 maxR=  134.0
(1, 3, 2, 3)     SRSSSRSSRSSSR                  closed= 84.0% to=    0 classes= 133 maxP=  12850 maxR=  133.5
(1, 3, 3, 2)     SRSSSRSSSRSSR                  closed= 10.0% to=    0 classes=  11 maxP=   1220 maxR=   66.9
(1, 3, 3, 3)     SRSSSRSSSRSSSR                 closed= 67.8% to=    0 classes= 461 maxP=  10375 maxR=  347.3
(2, 2, 2, 3)     SSRSSRSSRSSSR                  closed= 86.5% to=    0 classes= 121 maxP=  13950 maxR=  124.9
(2, 2, 3, 3)     SSRSSRSSSRSSSR                 closed= 88.7% to=    0 classes= 165 maxP=   7815 maxR=  137.0
(2, 3, 3, 3)     SSRSSSRSSSRSSSR                closed= 80.3% to=    0 classes= 148 maxP=  68490 maxR=  384.1
