LS         esc=    579/  783204 to=    0 classes=   7 maxP=      7 maxR=    1.0  [(3, 3, 28741), (3, 3, 75105), (4, 4, 17695), (5, 5, 46342), (5, 5, 10939), (6, 6, 6753), (7, 7, 10928)]
LSS        esc=  17138/  783204 to=    0 classes=   7 maxP=    100 maxR=    4.3  [(10, 10, 7847), (12, 14, 6661), (28, 24, 4110), (30, 35, 1112), (50, 30, 2973), (80, 51, 2503), (100, 70, 1106)]
LSLS       esc=    579/  783204 to=    0 classes=   7 maxP=      7 maxR=    1.0  [(2, 4, 35390), (3, 3, 28741), (3, 3, 75105), (3, 6, 13506), (5, 5, 46342), (5, 5, 10939), (7, 7, 10928)]
LSRS       esc= 132325/  783204 to=    0 classes=  20 maxP=   1265 maxR=   48.1  [(5, 10, 15694), (20, 30, 2224), (25, 30, 5946), (35, 70, 818), (45, 70, 2212), (55, 110, 322), (65, 85, 818), (85, 170, 120)]...
LSSS       esc= 116767/  783204 to=    0 classes=  35 maxP=   2015 maxR=   50.7  [(5, 10, 7847), (5, 15, 1124), (5, 15, 3019), (10, 30, 423), (20, 50, 1106), (21, 47, 6544), (24, 56, 1907), (25, 30, 2973)]...
LSLSS      esc= 114953/  783204 to=    0 classes=  23 maxP=   2910 maxR=   51.1  [(10, 17, 6687), (10, 20, 1124), (20, 50, 2503), (26, 32, 2528), (42, 44, 4073), (50, 90, 161), (70, 140, 929), (102, 192, 212)]...
LSRSS      esc= 778024/  783204 to=    0 classes=   3 maxP=    370 maxR=   33.1  [(370, 1030, 6), (370, 1030, 2), (370, 1030, 6)]
LSSSS      esc= 271542/  783204 to=    0 classes=  52 maxP=   5642 maxR=  130.8  [(4, 16, 6673), (10, 30, 423), (16, 45, 1558), (20, 65, 818), (20, 65, 1106), (24, 70, 3066), (40, 90, 409), (70, 162, 567)]...
LSLSLS     esc=    579/  783204 to=    0 classes=   7 maxP=      7 maxR=    1.0  [(1, 3, 85807), (1, 3, 224295), (2, 6, 20259), (4, 4, 17695), (5, 5, 46342), (5, 5, 10939), (7, 7, 10928)]
LSLSRS     esc=  61664/  783204 to=    0 classes=  41 maxP=   1015 maxR=  163.0  [(2, 5, 57116), (2, 5, 57184), (5, 15, 1124), (5, 15, 6687), (10, 15, 3032), (13, 31, 2528), (20, 40, 423), (20, 44, 1534)]...
LSLSSS     esc= 128850/  783204 to=    0 classes=  37 maxP=   2570 maxR=   48.9  [(2, 8, 28466), (3, 9, 21720), (5, 15, 3032), (10, 20, 3019), (10, 35, 423), (15, 30, 2973), (20, 25, 1124), (30, 70, 409)]...
LSRSSS     esc= 666403/  783204 to=    0 classes=  22 maxP=   1135 maxR=  112.3  [(5, 20, 5948), (5, 20, 2238), (10, 40, 818), (15, 60, 322), (15, 60, 812), (30, 95, 322), (60, 230, 120), (95, 380, 36)]...
LSSLSS     esc=  17138/  783204 to=    0 classes=   7 maxP=     50 maxR=    4.3  [(5, 10, 15694), (6, 14, 13322), (14, 24, 8220), (15, 35, 2224), (25, 30, 5946), (40, 51, 5006), (50, 70, 2212)]
LSSRSS     esc= 153767/  783204 to=    0 classes=  40 maxP=   1390 maxR=   56.3  [(10, 30, 846), (10, 40, 818), (11, 44, 240), (11, 44, 50), (11, 44, 2752), (12, 48, 1890), (14, 56, 3054), (19, 58, 4970)]...
LSSSSS     esc=  96917/  783204 to=    0 classes=  62 maxP=   1745 maxR=   47.9  [(5, 25, 4061), (5, 25, 6592), (5, 25, 6579), (5, 25, 4073), (5, 25, 1106), (5, 25, 2512), (9, 30, 10673), (10, 30, 2973)]...
LSLSLSS    esc= 139932/  783204 to=    0 classes=  18 maxP=   6070 maxR=   48.9  [(2, 8, 15147), (6, 12, 17547), (20, 45, 1106), (50, 75, 412), (90, 65, 423), (90, 165, 161), (190, 100, 1106), (190, 315, 60)]...
LSLSRSS    esc= 284988/  783204 to=    0 classes=  34 maxP=   1998 maxR=   49.3  [(2, 6, 6722), (2, 6, 17628), (10, 20, 4130), (28, 38, 4092), (40, 55, 1106), (40, 70, 1106), (420, 470, 320), (970, 1520, 2)]...
LSLSSRS    esc= 284422/  783204 to=    0 classes=  33 maxP=   1998 maxR=   49.3  [(2, 6, 6721), (2, 6, 17629), (10, 20, 4129), (28, 38, 4093), (40, 55, 1106), (40, 70, 1106), (420, 470, 319), (970, 1520, 2)]...
LSLSSSS    esc= 126174/  783204 to=    0 classes=  38 maxP=   2460 maxR=   55.7  [(6, 25, 2552), (20, 55, 423), (24, 78, 945), (30, 75, 420), (42, 101, 1531), (54, 127, 1512), (60, 120, 161), (84, 138, 942)]...
LSRSLSS    esc= 244831/  783204 to=    0 classes=  51 maxP=   4018 maxR=   98.0  [(10, 30, 2973), (18, 39, 1545), (20, 36, 6595), (20, 55, 1106), (40, 70, 409), (60, 130, 406), (100, 205, 152), (210, 280, 152)]...
LSRSSSS    esc= 734580/  783204 to=    0 classes=   1 maxP=     10 maxR=    6.1  [(10, 50, 4864)]
LSSLSSS    esc= 195473/  783204 to=    0 classes=  20 maxP=   5520 maxR=   51.3  [(6, 23, 4114), (10, 20, 3019), (12, 24, 6639), (20, 25, 1124), (36, 104, 585), (38, 107, 360), (40, 110, 161), (190, 230, 398)]...
LSSRSSS    esc= 741844/  783204 to=    0 classes=  10 maxP=    540 maxR=   57.3  [(10, 35, 846), (10, 50, 818), (10, 50, 818), (20, 100, 288), (230, 1085, 14), (540, 2190, 4), (540, 2190, 2), (540, 2190, 2)]...
LSSSSSS    esc= 150418/  783204 to=    0 classes=  40 maxP=   5840 maxR=   59.6  [(4, 24, 351), (4, 24, 4066), (4, 24, 5028), (4, 24, 4691), (4, 24, 1553), (4, 24, 3132), (4, 24, 977), (4, 24, 4063)]...
LSLSLSLS   esc=    579/  783204 to=    0 classes=   7 maxP=      7 maxR=    1.0  [(1, 4, 70489), (3, 3, 28741), (3, 3, 75105), (3, 6, 13506), (5, 5, 46342), (5, 5, 10939), (7, 7, 10928)]
LSLSLSRS   esc= 102405/  783204 to=    0 classes=  37 maxP=   1905 maxR=   48.1  [(3, 12, 17547), (5, 10, 7847), (5, 20, 3019), (8, 23, 21468), (15, 25, 1124), (15, 35, 1112), (20, 55, 1106), (25, 30, 2973)]...
LSLSLSSS   esc= 129113/  783204 to=    0 classes=  57 maxP=   4105 maxR=  158.9  [(3, 12, 17547), (5, 20, 3019), (10, 25, 1124), (10, 45, 1106), (14, 45, 1550), (17, 53, 962), (20, 55, 412), (20, 60, 423)]...
LSLSRSRS   esc= 120407/  783204 to=    0 classes=  22 maxP=   1365 maxR=   47.9  [(3, 9, 43440), (5, 15, 6064), (10, 35, 846), (15, 30, 2224), (15, 30, 5946), (45, 55, 2212), (55, 110, 322), (75, 180, 120)]...
LSLSRSSS   esc= 384393/  783204 to=    0 classes=  44 maxP=   3785 maxR=   81.4  [(2, 7, 21794), (2, 7, 28448), (2, 7, 10856), (2, 7, 10831), (2, 7, 10855), (6, 21, 4031), (10, 25, 1117), (10, 35, 423)]...
LSLSSLSS   esc= 154273/  783204 to=    0 classes=  58 maxP=   1525 maxR=   49.8  [(1, 5, 35192), (5, 10, 7847), (15, 25, 2248), (20, 50, 1106), (20, 80, 161), (25, 30, 2973), (35, 65, 423), (35, 75, 409)]...
LSLSSRSS   esc= 105872/  783204 to=    0 classes=  65 maxP=   1776 maxR=  158.9  [(3, 9, 21720), (5, 15, 3032), (5, 20, 1124), (5, 25, 423), (5, 25, 423), (8, 37, 962), (10, 50, 409), (10, 50, 409)]...
LSLSSSRS   esc= 384370/  783204 to=    0 classes=  44 maxP=   3785 maxR=   81.4  [(2, 7, 21793), (2, 7, 28451), (2, 7, 10854), (2, 7, 10827), (2, 7, 10855), (6, 21, 4034), (10, 25, 1119), (10, 35, 423)]...
LSLSSSSS   esc= 152079/  783204 to=    0 classes=  77 maxP=   2910 maxR=   56.5  [(5, 20, 1124), (5, 29, 5064), (9, 41, 5536), (9, 41, 2497), (10, 48, 2512), (15, 46, 962), (15, 80, 161), (20, 54, 3338)]...
LSRSLSRS   esc= 132325/  783204 to=    0 classes=  20 maxP=   1265 maxR=   48.1  [(5, 10, 15694), (10, 30, 4448), (25, 30, 5946), (35, 70, 818), (45, 70, 2212), (55, 110, 322), (55, 215, 480), (65, 85, 818)]...
LSRSLSSS   esc= 140315/  783204 to=    0 classes=  77 maxP=   2170 maxR=  160.4  [(5, 10, 7847), (10, 35, 1112), (15, 60, 1106), (15, 60, 409), (21, 68, 948), (25, 30, 2973), (26, 95, 356), (35, 170, 60)]...
LSRSSLSS   esc= 192187/  783204 to=    0 classes=  83 maxP=   3830 maxR=   61.4  [(2, 10, 10842), (5, 25, 2975), (7, 30, 10671), (10, 25, 2974), (75, 160, 161), (85, 155, 161), (140, 205, 406), (162, 368, 162)]...
LSRSSRSS   esc= 192055/  783204 to=    0 classes=  83 maxP=   3830 maxR=   61.4  [(2, 10, 10842), (5, 25, 2975), (7, 30, 10671), (10, 25, 2974), (75, 160, 161), (85, 155, 161), (140, 205, 406), (162, 368, 162)]...
LSRSSSSS   esc= 705459/  783204 to=    0 classes=  14 maxP=    538 maxR=   91.1  [(5, 30, 2212), (8, 48, 3012), (10, 60, 812), (20, 70, 818), (525, 2700, 14), (538, 2816, 2), (538, 2816, 2), (538, 2816, 2)]...
LSSLSSSS   esc=  58966/  783204 to=    0 classes=  25 maxP=    309 maxR=   18.8  [(4, 21, 21494), (5, 25, 5949), (8, 36, 5072), (42, 88, 1900), (45, 105, 818), (64, 144, 720), (65, 265, 120), (75, 310, 120)]...
LSSRSSSS   esc= 769264/  783204 to=    0 classes=   2 maxP=     20 maxR=   10.9  [(10, 60, 818), (20, 120, 288)]
LSSSLSSS   esc= 116767/  783204 to=    0 classes=  35 maxP=   2015 maxR=   50.7  [(5, 10, 7847), (5, 15, 1124), (5, 15, 3019), (5, 30, 846), (10, 50, 2212), (12, 56, 3814), (15, 35, 2224), (20, 70, 2212)]...
LSSSRSSS   esc= 545195/  783204 to=    0 classes=  67 maxP=   1475 maxR=  145.1  [(5, 30, 846), (10, 60, 818), (10, 60, 812), (20, 80, 2212), (26, 153, 8), (26, 153, 4), (26, 153, 248), (30, 170, 120)]...
LSSSSSSS   esc= 229885/  783204 to=    0 classes= 142 maxP=   1990 maxR=   62.9  [(5, 30, 423), (5, 35, 1539), (5, 35, 412), (5, 35, 948), (5, 35, 420), (5, 35, 1537), (15, 85, 4), (15, 85, 406)]...
